Step 2 : Download and install git https://git-scm.com/download/mac
 Step 3 : Signup and create a account on GitHub https://github.com/ 
Step 4 : Add your github email and username to git git config --global user.email "yourGitHub@email.com" 
git config --global user.name "yourGitHubusername" 
Step 5 : Add file/folders to git - tracking 
Step 6 : Commands - terminal 
 goto the location of the folder/project - git init - git status - git add - git commit -m “…..” 
 git remote add origin “location of remote repo” 
git push -u origin master - git log 
 git –help


For autocomplete
 —————————— 
Step 1 : goto terminal put git-completion.bash script in your home directory 
curl https://raw.githubusercontent.com/git... -o ~/.git-completion.bash 
curl  https://raw.githubusercontent.com/git/git/master/contrib/completion/git-completion.bash  -o ~/.git-completion.bash
Step 2 : Add following line to your .bash_profile. This tells bash to run git autocomplete script if it exists vi ~/.bash_profile
 if [ -f ~/.git-completion.bash ]; then . ~/.git-completion.bash fi 

For enabling git colors 
———————————— 
Step 1 : check if colouring is already enabled terminal - git config color.ui 
Step 2 : enable colouring git config --global color.ui true

Git branch
------------
1.	What are branches 2. How to create branch 3. How to checkout branch 4. How to merge branch to master 5. How to delete branch (local and remote) _________________________________________ Step 1 : Create branch git branch “branch name” 
2.	Step 2 : Checkout branch git checkout “branch name” 
3.	Step 3 : Merge new branch in master branch git merge “branch name” 
4.	Step 4 : Delete branch git branch -d “branch name” — delete from local git push origin —delete “branch name” — delete from remote


Step 1 : Create branch 
   git branch “branch name”

Step 2 : Checkout branch
   git checkout “branch name”

Step 3 : Merge new branch in master branch
   git merge “branch name”

Step 4 : Delete branch
   git branch -d “branch name”    — delete from local
   git push origin —delete “branch name”   — delete from remote
-------------------------------------------------


Biyas-Anirban@LAPTOP-8THLD532 MINGW64 /d/BIYAS-TUTORIALS/TAU-Mocha
$ git init
Initialized empty Git repository in D:/BIYAS-TUTORIALS/TAU-Mocha/.git/

Biyas-Anirban@LAPTOP-8THLD532 MINGW64 /d/BIYAS-TUTORIALS/TAU-Mocha (master)
$ git status
On branch master

No commits yet

Untracked files:
  (use "git add <file>..." to include in what will be committed)
        README.md
        package-lock.json
        package.json
        test/

nothing added to commit but untracked files present (use "git add" to track)

Biyas-Anirban@LAPTOP-8THLD532 MINGW64 /d/BIYAS-TUTORIALS/TAU-Mocha (master)
$ git add .

Biyas-Anirban@LAPTOP-8THLD532 MINGW64 /d/BIYAS-TUTORIALS/TAU-Mocha (master)
$ git status
On branch master

No commits yet

Changes to be committed:
  (use "git rm --cached <file>..." to unstage)
        new file:   README.md
        new file:   package-lock.json
        new file:   package.json
        new file:   test/.DS_Store
        new file:   test/chai.js
        new file:   test/chai_config.js
        new file:   test/chapterFourFive.js
        new file:   test/chapterSix.js
        new file:   test/chapterThree.js
        new file:   test/chapterTwo.js


Biyas-Anirban@LAPTOP-8THLD532 MINGW64 /d/BIYAS-TUTORIALS/TAU-Mocha (master)
$ git commit -m "Files are added for TAU_Mocha project"
[master (root-commit) a9be7c0] Files are added for TAU_Mocha project
 10 files changed, 2237 insertions(+)
 create mode 100644 README.md
 create mode 100644 package-lock.json
 create mode 100644 package.json
 create mode 100644 test/.DS_Store
 create mode 100644 test/chai.js
 create mode 100644 test/chai_config.js
 create mode 100644 test/chapterFourFive.js
 create mode 100644 test/chapterSix.js
 create mode 100644 test/chapterThree.js
 create mode 100644 test/chapterTwo.js

Biyas-Anirban@LAPTOP-8THLD532 MINGW64 /d/BIYAS-TUTORIALS/TAU-Mocha (master)
$ git status
On branch master
nothing to commit, working tree clean

Biyas-Anirban@LAPTOP-8THLD532 MINGW64 /d/BIYAS-TUTORIALS/TAU-Mocha (master)
$ git remote add origin https://github.com/Ban-biaysme/TAU_Mocha_Demo.git

Biyas-Anirban@LAPTOP-8THLD532 MINGW64 /d/BIYAS-TUTORIALS/TAU-Mocha (master)
$ git push -u origin master
Enumerating objects: 13, done.
Counting objects: 100% (13/13), done.
Delta compression using up to 8 threads
Compressing objects: 100% (13/13), done.
Writing objects: 100% (13/13), 21.04 KiB | 3.00 MiB/s, done.
Total 13 (delta 1), reused 0 (delta 0), pack-reused 0
remote: Resolving deltas: 100% (1/1), done.
To https://github.com/Ban-biaysme/TAU_Mocha_Demo.git
 * [new branch]      master -> master
Branch 'master' set up to track remote branch 'master' from 'origin'.

Biyas-Anirban@LAPTOP-8THLD532 MINGW64 /d/BIYAS-TUTORIALS/TAU-Mocha (master)
$ git branch "TAU_Mocha_NewBranch"

Biyas-Anirban@LAPTOP-8THLD532 MINGW64 /d/BIYAS-TUTORIALS/TAU-Mocha (master)
$ ^C

Biyas-Anirban@LAPTOP-8THLD532 MINGW64 /d/BIYAS-TUTORIALS/TAU-Mocha (master)
$
Biyas-Anirban@LAPTOP-8THLD532 MINGW64 /d/BIYAS-TUTORIALS/TAU-Mocha (master)
$ git checkout TAU_Mocha_NewBranch
Switched to branch 'TAU_Mocha_NewBranch'

Biyas-Anirban@LAPTOP-8THLD532 MINGW64 /d/BIYAS-TUTORIALS/TAU-Mocha (TAU_Mocha_NewBranch)
$ git status
On branch TAU_Mocha_NewBranch
Untracked files:
  (use "git add <file>..." to include in what will be committed)
        Info/

nothing added to commit but untracked files present (use "git add" to track)

Biyas-Anirban@LAPTOP-8THLD532 MINGW64 /d/BIYAS-TUTORIALS/TAU-Mocha (TAU_Mocha_NewBranch)
$ git add .

Biyas-Anirban@LAPTOP-8THLD532 MINGW64 /d/BIYAS-TUTORIALS/TAU-Mocha (TAU_Mocha_NewBranch)
$ git commit -m "Info folder and instrustion file addeed with git info"
[TAU_Mocha_NewBranch 1f60894] Info folder and instrustion file addeed with git info
 1 file changed, 134 insertions(+)
 create mode 100644 Info/INstruction

Biyas-Anirban@LAPTOP-8THLD532 MINGW64 /d/BIYAS-TUTORIALS/TAU-Mocha (TAU_Mocha_NewBranch)
$ git status
On branch TAU_Mocha_NewBranch
nothing to commit, working tree clean

Biyas-Anirban@LAPTOP-8THLD532 MINGW64 /d/BIYAS-TUTORIALS/TAU-Mocha (TAU_Mocha_NewBranch)
$ git push -u origin TAU_Mocha_NewBranch
Enumerating objects: 5, done.
Counting objects: 100% (5/5), done.
Delta compression using up to 8 threads
Compressing objects: 100% (3/3), done.
Writing objects: 100% (4/4), 1.84 KiB | 1.84 MiB/s, done.
Total 4 (delta 1), reused 0 (delta 0), pack-reused 0
remote: Resolving deltas: 100% (1/1), completed with 1 local object.
remote:
remote: Create a pull request for 'TAU_Mocha_NewBranch' on GitHub by visiting:
remote:      https://github.com/Ban-biaysme/TAU_Mocha_Demo/pull/new/TAU_Mocha_NewBranch
remote:
To https://github.com/Ban-biaysme/TAU_Mocha_Demo.git
 * [new branch]      TAU_Mocha_NewBranch -> TAU_Mocha_NewBranch
Branch 'TAU_Mocha_NewBranch' set up to track remote branch 'TAU_Mocha_NewBranch' from 'origin'.

Biyas-Anirban@LAPTOP-8THLD532 MINGW64 /d/BIYAS-TUTORIALS/TAU-Mocha (TAU_Mocha_NewBranch)
$ git checkout master
Switched to branch 'master'
Your branch is up to date with 'origin/master'.

Biyas-Anirban@LAPTOP-8THLD532 MINGW64 /d/BIYAS-TUTORIALS/TAU-Mocha (master)
$ git merge TAU_Mocha_NewBranch
HEAD                         origin/TAU_Mocha_NewBranch
TAU_Mocha_NewBranch          origin/master
master

Biyas-Anirban@LAPTOP-8THLD532 MINGW64 /d/BIYAS-TUTORIALS/TAU-Mocha (master)
$ git push -u origin master
Everything up-to-date
Branch 'master' set up to track remote branch 'master' from 'origin'.

Biyas-Anirban@LAPTOP-8THLD532 MINGW64 /d/BIYAS-TUTORIALS/TAU-Mocha (master)
$ git checkout master
Already on 'master'
Your branch is up to date with 'origin/master'.

Biyas-Anirban@LAPTOP-8THLD532 MINGW64 /d/BIYAS-TUTORIALS/TAU-Mocha (master)
$ git push -u origin master
Everything up-to-date
Branch 'master' set up to track remote branch 'master' from 'origin'.

Biyas-Anirban@LAPTOP-8THLD532 MINGW64 /d/BIYAS-TUTORIALS/TAU-Mocha (master)
$ git branch -d TAU_Mocha_NewBranch
warning: deleting branch 'TAU_Mocha_NewBranch' that has been merged to
         'refs/remotes/origin/TAU_Mocha_NewBranch', but not yet merged to HEAD.
Deleted branch TAU_Mocha_NewBranch (was 1f60894).

Biyas-Anirban@LAPTOP-8THLD532 MINGW64 /d/BIYAS-TUTORIALS/TAU-Mocha (master)
$ git push origin --delete TAU_Mocha_NewBranch
To https://github.com/Ban-biaysme/TAU_Mocha_Demo.git
 - [deleted]         TAU_Mocha_NewBranch


